stm32f4xx_ll_utils.h:277:22:LL_InitTick	16	static
stm32f4xx_ll_rcc.h:2947:22:LL_RCC_HSE_EnableBypass	4	static
stm32f4xx_ll_rcc.h:2957:22:LL_RCC_HSE_DisableBypass	4	static
stm32f4xx_ll_rcc.h:2967:22:LL_RCC_HSE_Enable	4	static
stm32f4xx_ll_rcc.h:2987:26:LL_RCC_HSE_IsReady	4	static
stm32f4xx_ll_rcc.h:3005:22:LL_RCC_HSI_Enable	4	static
stm32f4xx_ll_rcc.h:3025:26:LL_RCC_HSI_IsReady	4	static
stm32f4xx_ll_rcc.h:3206:22:LL_RCC_SetSysClkSource	16	static
stm32f4xx_ll_rcc.h:3222:26:LL_RCC_GetSysClkSource	4	static
stm32f4xx_ll_rcc.h:3242:22:LL_RCC_SetAHBPrescaler	16	static
stm32f4xx_ll_rcc.h:3258:22:LL_RCC_SetAPB1Prescaler	16	static
stm32f4xx_ll_rcc.h:3274:22:LL_RCC_SetAPB2Prescaler	16	static
stm32f4xx_ll_rcc.h:4202:22:LL_RCC_PLL_Enable	4	static
stm32f4xx_ll_rcc.h:4223:26:LL_RCC_PLL_IsReady	4	static
stm32f4xx_ll_rcc.h:4322:22:LL_RCC_PLL_ConfigDomain_SYS	24	static
stm32f4xx_ll_rcc.h:5171:26:LL_RCC_PLLI2S_IsReady	4	static
stm32f4xx_ll_system.h:1558:22:LL_FLASH_SetLatency	16	static
stm32f4xx_ll_system.h:1584:26:LL_FLASH_GetLatency	4	static
stm32f4xx_ll_pwr.h:537:26:LL_PWR_GetRegulVoltageScaling	4	static
stm32f4xx_ll_utils.c:275:6:LL_Init1msTick	16	static
stm32f4xx_ll_utils.c:291:6:LL_mDelay	24	static
stm32f4xx_ll_utils.c:341:6:LL_SetSystemCoreClock	16	static
stm32f4xx_ll_utils.c:363:13:LL_PLL_ConfigSystemClock_HSI	24	static
stm32f4xx_ll_utils.c:420:13:LL_PLL_ConfigSystemClock_HSE	32	static
stm32f4xx_ll_utils.c:493:20:UTILS_SetFlashLatency	24	static
stm32f4xx_ll_utils.c:616:17:UTILS_GetPLLOutputFrequency	24	static
stm32f4xx_ll_utils.c:647:20:UTILS_PLL_IsBusy	16	static
stm32f4xx_ll_utils.c:686:20:UTILS_EnablePLLAndSwitchSystem	24	static
