stm32f4xx_it.c:72:6:NMI_Handler	4	static
stm32f4xx_it.c:81:6:HardFault_Handler	4	static
stm32f4xx_it.c:94:6:MemManage_Handler	4	static
stm32f4xx_it.c:107:6:BusFault_Handler	4	static
stm32f4xx_it.c:120:6:UsageFault_Handler	4	static
stm32f4xx_it.c:133:6:SVC_Handler	4	static
stm32f4xx_it.c:142:6:DebugMon_Handler	4	static
stm32f4xx_it.c:151:6:PendSV_Handler	4	static
stm32f4xx_it.c:160:6:SysTick_Handler	8	static
stm32f4xx_it.c:177:6:EXTI15_10_IRQHandler	8	static
stm32f4xx_it.c:187:6:TIM2_IRQHandler	8	static
stm32f4xx_it.c:197:6:TIM3_IRQHandler	8	static
stm32f4xx_it.c:207:6:TIM4_IRQHandler	8	static
stm32f4xx_it.c:220:6:TIM1_UP_TIM10_IRQHandler	8	static
