x_nucleo_ihmxx.c:100:20:L6474_GetMotorHandle	4	static
x_nucleo_ihmxx.c:102:20:l647x_GetMotorHandle	4	static
x_nucleo_ihmxx.c:104:20:l648x_GetMotorHandle	4	static
x_nucleo_ihmxx.c:106:20:Powerstep01_GetMotorHandle	4	static
x_nucleo_ihmxx.c:108:20:L6206_GetMotorHandle	4	static
x_nucleo_ihmxx.c:110:20:L6208_GetMotorHandle	4	static
x_nucleo_ihmxx.c:112:20:Stspin220_GetMotorHandle	4	static
x_nucleo_ihmxx.c:114:20:Stspin240_250_GetMotorHandle	4	static
x_nucleo_ihmxx.c:131:6:BSP_MotorControl_AttachErrorHandler	16	static
x_nucleo_ihmxx.c:151:6:BSP_MotorControl_AttachFlagInterrupt	16	static
x_nucleo_ihmxx.c:171:6:BSP_MotorControl_AttachBusyInterrupt	16	static
x_nucleo_ihmxx.c:188:6:BSP_MotorControl_ErrorHandler	16	static
x_nucleo_ihmxx.c:211:6:BSP_MotorControl_Init	16	static
x_nucleo_ihmxx.c:227:6:BSP_MotorControl_FlagInterruptHandler	8	static
x_nucleo_ihmxx.c:244:10:BSP_MotorControl_GetAcceleration	24	static
x_nucleo_ihmxx.c:263:10:BSP_MotorControl_GetBoardId	4	static
x_nucleo_ihmxx.c:275:10:BSP_MotorControl_GetCurrentSpeed	24	static
x_nucleo_ihmxx.c:295:10:BSP_MotorControl_GetDeceleration	24	static
x_nucleo_ihmxx.c:318:14:BSP_MotorControl_GetDeviceState	24	static
x_nucleo_ihmxx.c:339:10:BSP_MotorControl_GetFwVersion	16	static
x_nucleo_ihmxx.c:360:9:BSP_MotorControl_GetMark	24	static
x_nucleo_ihmxx.c:383:10:BSP_MotorControl_GetMaxSpeed	24	static
x_nucleo_ihmxx.c:403:10:BSP_MotorControl_GetMinSpeed	24	static
x_nucleo_ihmxx.c:424:9:BSP_MotorControl_GetPosition	24	static
x_nucleo_ihmxx.c:445:6:BSP_MotorControl_GoHome	16	static
x_nucleo_ihmxx.c:463:6:BSP_MotorControl_GoMark	16	static
x_nucleo_ihmxx.c:482:6:BSP_MotorControl_GoTo	16	static
x_nucleo_ihmxx.c:501:6:BSP_MotorControl_HardStop	16	static
x_nucleo_ihmxx.c:521:6:BSP_MotorControl_Move	16	static
x_nucleo_ihmxx.c:537:6:BSP_MotorControl_ResetAllDevices	8	static
x_nucleo_ihmxx.c:560:6:BSP_MotorControl_Run	16	static
x_nucleo_ihmxx.c:580:6:BSP_MotorControl_SetAcceleration	24	static
x_nucleo_ihmxx.c:603:6:BSP_MotorControl_SetDeceleration	24	static
x_nucleo_ihmxx.c:624:6:BSP_MotorControl_SetHome	16	static
x_nucleo_ihmxx.c:643:6:BSP_MotorControl_SetMark	16	static
x_nucleo_ihmxx.c:666:6:BSP_MotorControl_SetMaxSpeed	24	static
x_nucleo_ihmxx.c:689:6:BSP_MotorControl_SetMinSpeed	24	static
x_nucleo_ihmxx.c:712:6:BSP_MotorControl_SoftStop	24	static
x_nucleo_ihmxx.c:734:6:BSP_MotorControl_StepClockHandler	16	static
x_nucleo_ihmxx.c:751:6:BSP_MotorControl_WaitWhileActive	16	static
x_nucleo_ihmxx.c:781:6:BSP_MotorControl_CmdDisable	16	static
x_nucleo_ihmxx.c:803:6:BSP_MotorControl_CmdEnable	16	static
x_nucleo_ihmxx.c:821:10:BSP_MotorControl_CmdGetParam	24	static
x_nucleo_ihmxx.c:849:10:BSP_MotorControl_CmdGetStatus	24	static
x_nucleo_ihmxx.c:868:6:BSP_MotorControl_CmdNop	16	static
x_nucleo_ihmxx.c:887:6:BSP_MotorControl_CmdSetParam	24	static
x_nucleo_ihmxx.c:908:10:BSP_MotorControl_ReadStatusRegister	24	static
x_nucleo_ihmxx.c:927:6:BSP_MotorControl_ReleaseReset	16	static
x_nucleo_ihmxx.c:943:6:BSP_MotorControl_Reset	16	static
x_nucleo_ihmxx.c:963:6:BSP_MotorControl_SelectStepMode	24	static
x_nucleo_ihmxx.c:989:6:BSP_MotorControl_SetDirection	16	static
x_nucleo_ihmxx.c:1009:6:BSP_MotorControl_CmdGoToDir	16	static
x_nucleo_ihmxx.c:1027:9:BSP_MotorControl_CheckBusyHw	16	static
x_nucleo_ihmxx.c:1048:9:BSP_MotorControl_CheckStatusHw	16	static
x_nucleo_ihmxx.c:1070:6:BSP_MotorControl_CmdGoUntil	24	static
x_nucleo_ihmxx.c:1091:6:BSP_MotorControl_CmdHardHiZ	16	static
x_nucleo_ihmxx.c:1110:6:BSP_MotorControl_CmdReleaseSw	16	static
x_nucleo_ihmxx.c:1127:6:BSP_MotorControl_CmdResetDevice	16	static
x_nucleo_ihmxx.c:1144:6:BSP_MotorControl_CmdResetPos	16	static
x_nucleo_ihmxx.c:1163:6:BSP_MotorControl_CmdRun	16	static
x_nucleo_ihmxx.c:1180:6:BSP_MotorControl_CmdSoftHiZ	16	static
x_nucleo_ihmxx.c:1198:6:BSP_MotorControl_CmdStepClock	16	static
x_nucleo_ihmxx.c:1220:6:BSP_MotorControl_FetchAndClearAllStatus	8	static
x_nucleo_ihmxx.c:1240:10:BSP_MotorControl_GetFetchedStatus	24	static
x_nucleo_ihmxx.c:1258:9:BSP_MotorControl_GetNbDevices	16	static
x_nucleo_ihmxx.c:1278:6:BSP_MotorControl_IsDeviceBusy	24	static
x_nucleo_ihmxx.c:1297:6:BSP_MotorControl_SendQueuedCommands	8	static
x_nucleo_ihmxx.c:1323:6:BSP_MotorControl_QueueCommands	16	static
x_nucleo_ihmxx.c:1339:6:BSP_MotorControl_WaitForAllDevicesNotBusy	8	static
x_nucleo_ihmxx.c:1355:6:BSP_MotorControl_BusyInterruptHandler	8	static
x_nucleo_ihmxx.c:1372:6:BSP_MotorControl_CmdSoftStop	16	static
x_nucleo_ihmxx.c:1390:6:BSP_MotorControl_StartStepClock	16	static
x_nucleo_ihmxx.c:1406:6:BSP_MotorControl_StopStepClock	8	static
x_nucleo_ihmxx.c:1426:6:BSP_MotorControl_SetDualFullBridgeConfig	16	static
x_nucleo_ihmxx.c:1444:10:BSP_MotorControl_GetBridgeInputPwmFreq	24	static
x_nucleo_ihmxx.c:1466:6:BSP_MotorControl_SetBridgeInputPwmFreq	16	static
x_nucleo_ihmxx.c:1487:6:BSP_MotorControl_SetStopMode	16	static
x_nucleo_ihmxx.c:1505:17:BSP_MotorControl_GetStopMode	24	static
x_nucleo_ihmxx.c:1527:6:BSP_MotorControl_SetDecayMode	16	static
x_nucleo_ihmxx.c:1545:18:BSP_MotorControl_GetDecayMode	24	static
x_nucleo_ihmxx.c:1566:17:BSP_MotorControl_GetStepMode	24	static
x_nucleo_ihmxx.c:1587:12:BSP_MotorControl_GetDirection	24	static
x_nucleo_ihmxx.c:1607:6:BSP_MotorControl_ExitDeviceFromReset	16	static
x_nucleo_ihmxx.c:1625:9:BSP_MotorControl_GetTorque	24	static
x_nucleo_ihmxx.c:1647:6:BSP_MotorControl_SetTorque	16	static
x_nucleo_ihmxx.c:1665:6:BSP_MotorControl_SetRefFreq	16	static
x_nucleo_ihmxx.c:1682:10:BSP_MotorControl_GetRefFreq	24	static
x_nucleo_ihmxx.c:1702:6:BSP_MotorControl_SetRefDc	16	static
x_nucleo_ihmxx.c:1719:9:BSP_MotorControl_GetRefDc	24	static
x_nucleo_ihmxx.c:1741:6:BSP_MotorControl_SetNbDevices	24	static
x_nucleo_ihmxx.c:1800:6:BSP_MotorControl_SetAnalogValue	32	static
x_nucleo_ihmxx.c:1820:7:BSP_MotorControl_GetAnalogValue	24	static
x_nucleo_ihmxx.c:1840:6:BSP_MotorControl_SetTorqueBoostEnable	16	static
x_nucleo_ihmxx.c:1857:6:BSP_MotorControl_GetTorqueBoostEnable	24	static
x_nucleo_ihmxx.c:1878:6:BSP_MotorControl_SetTorqueBoostThreshold	16	static
x_nucleo_ihmxx.c:1896:10:BSP_MotorControl_GetTorqueBoostThreshold	24	static
x_nucleo_ihmxx.c:1917:9:BSP_MotorControl_GetDualFullBridgeConfig	16	static
